{
    "status": {
        "code": 401,
        "message": "Token expired"
    },
    "data": null
}