{
    "status": {
        "code": 201,
        "message": "Success"
    },
    "data": {
        "name": "TEST"
    }
}